cargo :    Compiling ryther-core v0.1.0 
(C:\Users\USER\Ryther\ryther-core)
At line:1 char:1
+ cargo test --lib 2>&1 | Out-File -FilePath 
test_output.txt; Get-Conte ...
+ ~~~~~~~~~~~~~~~~~~~~~
    + CategoryInfo          : NotSpecified: (   Compiling 
    ry...er\ryther-core):String) [], RemoteException
    + FullyQualifiedErrorId : NativeCommandError
 
warning: unused import: `HashMap`
 --> src\dag\store.rs:3:24
  |
3 | use std::collections::{HashMap, HashSet, VecDeque};
  |                        ^^^^^^^
  |
  = note: `#[warn(unused_imports)]` on by default

warning: unused import: `crossbeam::channel`
 --> src\execution\executor.rs:8:5
  |
8 | use crossbeam::channel;
  |     ^^^^^^^^^^^^^^^^^^

warning: unused import: `Log`
  --> src\execution\executor.rs:11:80
   |
11 | use crate::types::state::{ExecutionResult, 
ExecutionStatus, ReadSet, WriteSet, Log};
   |                                                      
                          ^^^

warning: unused import: `ConflictDetector`
  --> src\execution\executor.rs:14:23
   |
14 | use super::conflict::{ConflictDetector, 
validate_batch};
   |                       ^^^^^^^^^^^^^^^^

warning: unused import: `std::sync::Arc`
 --> src\network\peer.rs:5:5
  |
5 | use std::sync::Arc;
  |     ^^^^^^^^^^^^^^

warning: unused imports: `Deserialize` and `Serialize`
 --> src\network\peer.rs:8:13
  |
8 | use serde::{Deserialize, Serialize};
  |             ^^^^^^^^^^^  ^^^^^^^^^

warning: unused import: `tokio::sync::mpsc`
 --> src\network\gossip.rs:7:5
  |
7 | use tokio::sync::mpsc;
  |     ^^^^^^^^^^^^^^^^^

warning: unused import: `crate::network::peer::PeerId`
 --> src\node\config.rs:7:5
  |
7 | use crate::network::peer::PeerId;
  |     ^^^^^^^^^^^^^^^^^^^^^^^^^^^^

warning: unused import: 
`crate::consensus::leader::elect_leader`
  --> src\node\node.rs:13:5
   |
13 | use crate::consensus::leader::elect_leader;
   |     ^^^^^^^^^^^^^^^^^^^^^^^^^^^^^^^^^^^^^^

warning: unused imports: `ExecutorConfig` and 
`ParallelExecutor`
  --> src\node\node.rs:16:34
   |
16 | use crate::execution::executor::{ParallelExecutor, 
ExecutorConfig};
   |                                  ^^^^^^^^^^^^^^^^  
^^^^^^^^^^^^^^

warning: unused imports: `MessageType` and 
`NetworkMessage`
  --> src\node\node.rs:21:31
   |
21 | use crate::network::message::{NetworkMessage, 
MessageType};
   |                               ^^^^^^^^^^^^^^  
^^^^^^^^^^^

warning: unused import: `std::sync::Arc`
 --> src\node\mempool.rs:4:5
  |
4 | use std::sync::Arc;
  |     ^^^^^^^^^^^^^^

warning: unused import: `Address`
 --> src\node\mempool.rs:7:20
  |
7 | use crate::types::{Address, U256};
  |                    ^^^^^^^

warning: unused import: `http::StatusCode`
  --> src\node\rpc.rs:10:5
   |
10 |     http::StatusCode,
   |     ^^^^^^^^^^^^^^^^

warning: unused import: `error`
  --> src\node\rpc.rs:15:21
   |
15 | use tracing::{info, error};
   |                     ^^^^^

warning: unused import: `super::super::config::NodeConfig`
   --> src\node\rpc.rs:272:9
    |
272 |     use super::super::config::NodeConfig;
    |         ^^^^^^^^^^^^^^^^^^^^^^^^^^^^^^^^

warning: unused variable: `stats`
   --> src\node\node.rs:248:13
    |
248 |         let stats = Arc::new(&self.stats);
    |             ^^^^^ help: if this is intentional, 
prefix it with an underscore: `_stats`
    |
    = note: `#[warn(unused_variables)]` on by default

warning: unused variable: `dag`
   --> src\node\node.rs:264:13
    |
264 |         let dag = Arc::clone(&self.dag);
    |             ^^^ help: if this is intentional, 
prefix it with an underscore: `_dag`

warning: unused variable: `gossip`
   --> src\node\node.rs:266:13
    |
266 |         let gossip = Arc::clone(&self.gossip);
    |             ^^^^^^ help: if this is intentional, 
prefix it with an underscore: `_gossip`

warning: unused variable: `transport`
   --> src\node\node.rs:267:13
    |
267 |         let transport = Arc::clone(&self.transport);
    |             ^^^^^^^^^ help: if this is intentional, 
prefix it with an underscore: `_transport`

warning: unused variable: `parents`
   --> src\node\node.rs:285:13
    |
285 |         let parents: Vec<EventId> = self.dag
    |             ^^^^^^^ help: if this is intentional, 
prefix it with an underscore: `_parents`

warning: unused variable: `lamport_time`
   --> src\node\node.rs:292:13
    |
292 |         let lamport_time = self.clock.tick();
    |             ^^^^^^^^^^^^ help: if this is 
intentional, prefix it with an underscore: `_lamport_time`

warning: unused variable: `round`
   --> src\node\node.rs:293:13
    |
293 |         let round = self.dag.max_round() + 1;
    |             ^^^^^ help: if this is intentional, 
prefix it with an underscore: `_round`

warning: unused variable: `pending`
   --> src\node\node.rs:296:13
    |
296 |         let pending = self.mempool.best(1000);
    |             ^^^^^^^ help: if this is intentional, 
prefix it with an underscore: `_pending`

warning: unused variable: `node`
   --> src\node\rpc.rs:229:29
    |
229 | async fn ryther_pool_status(node: &RytherNode, id: 
Value) -> RpcResponse {
    |                             ^^^^ help: if this is 
intentional, prefix it with an underscore: `_node`

error[E0308]: mismatched types
   --> src\types\transaction.rs:276:19
    |
276 |             from: [i as u8; 20],
    |                   ^^^^^^^^^^^^^ expected `Address`, 
found `[u8; 20]`
    |
help: try wrapping the expression in `types::Address`
    |
276 |             from: types::Address([i as u8; 20]),
    |                   +++++++++++++++             +

error[E0308]: mismatched types
   --> src\types\transaction.rs:277:22
    |
277 |             to: Some([0xFF; 20]),
    |                 ---- ^^^^^^^^^^ expected `Address`, 
found `[{integer}; 20]`
    |                 |
    |                 arguments to this enum variant are 
incorrect
    |
help: the type constructed contains `[{integer}; 20]` due 
to the type of the argument passed
   --> src\types\transaction.rs:277:17
    |
277 |             to: Some([0xFF; 20]),
    |                 ^^^^^----------^
    |                      |
    |                      this argument influences the 
type of `Some`
note: tuple variant defined here
   --> /rustc/17067e9ac6d7ecb70e50f92c1944e545188d2359\lib
rary\core\src\option.rs:580:5
help: try wrapping the expression in `types::Address`
    |
277 |             to: Some(types::Address([0xFF; 20])),
    |                      +++++++++++++++          +

warning: unused import: `serde_big_array::BigArray`
 --> src\types\block.rs:4:5
  |
4 | use serde_big_array::BigArray;
  |     ^^^^^^^^^^^^^^^^^^^^^^^^^

warning: variable does not need to be mutable
   --> src\crypto\bls.rs:131:13
    |
131 |         let mut agg = 
blst::min_pk::AggregateSignature::from_signature(&sig.0);
    |             ----^^^
    |             |
    |             help: remove this `mut`
    |
    = note: `#[warn(unused_mut)]` on by default

warning: unused variable: `read_set`
   --> src\evm\vm.rs:269:9
    |
269 |         read_set: &mut ReadSet,
    |         ^^^^^^^^ help: if this is intentional, 
prefix it with an underscore: `_read_set`

For more information about this error, try `rustc 
--explain E0308`.
warning: `ryther-core` (lib test) generated 28 warnings
error: could not compile `ryther-core` (lib test) due to 
2 previous errors; 28 warnings emitted
